Traceback (most recent call last):
  File "D:\project-unknown-phase5\results\phase-5\openhands-capability-acquisition\openhands_capability_probe.py", line 201, in <module>
    main()
    ~~~~^^
  File "D:\project-unknown-phase5\results\phase-5\openhands-capability-acquisition\openhands_capability_probe.py", line 189, in main
    hold(args.root, args.output)
    ~~~~^^^^^^^^^^^^^^^^^^^^^^^^
  File "D:\project-unknown-phase5\results\phase-5\openhands-capability-acquisition\openhands_capability_probe.py", line 164, in hold
    host = conversation(root, conversation_id=HOLD_CONVERSATION_ID)
  File "D:\project-unknown-phase5\results\phase-5\openhands-capability-acquisition\openhands_capability_probe.py", line 74, in conversation
    return Conversation(
        agent=selected_agent or agent(),
    ...<4 lines>...
        delete_on_close=False,
    )
  File "C:\Users\stifl\AppData\Local\Temp\cairn-p5-openhands-sdk\Lib\site-packages\openhands\sdk\conversation\conversation.py", line 214, in __new__
    return LocalConversation(
        agent=agent,
    ...<18 lines>...
        observability_span_name=observability_span_name,
    )
  File "C:\Users\stifl\AppData\Local\Temp\cairn-p5-openhands-sdk\Lib\site-packages\openhands\sdk\conversation\impl\local_conversation.py", line 349, in __init__
    self._state = ConversationState.create(
                  ~~~~~~~~~~~~~~~~~~~~~~~~^
        id=desired_id,
        ^^^^^^^^^^^^^^
    ...<9 lines>...
        tags=tags,
        ^^^^^^^^^^
    )
    ^
  File "C:\Users\stifl\AppData\Local\Temp\cairn-p5-openhands-sdk\Lib\site-packages\openhands\sdk\conversation\state.py", line 557, in create
    raise ValueError(
        "agent is required when initializing a new ConversationState"
    )
ValueError: agent is required when initializing a new ConversationState
--- Logging error ---
Exception ignored while calling deallocator <function LocalConversation.__del__ at 0x000001F13CD2CB40>:
Traceback (most recent call last):
  File "C:\Users\stifl\AppData\Local\Temp\cairn-p5-openhands-sdk\Lib\site-packages\openhands\sdk\conversation\impl\local_conversation.py", line 3006, in __del__
    logger.warning(f"Error during conversation cleanup: {e}", exc_info=True)
  File "C:\Users\stifl\AppData\Roaming\uv\python\cpython-3.14-windows-x86_64-none\Lib\logging\__init__.py", line 1532, in warning
    self._log(WARNING, msg, args, **kwargs)
  File "C:\Users\stifl\AppData\Roaming\uv\python\cpython-3.14-windows-x86_64-none\Lib\logging\__init__.py", line 1665, in _log
    self.handle(record)
  File "C:\Users\stifl\AppData\Roaming\uv\python\cpython-3.14-windows-x86_64-none\Lib\logging\__init__.py", line 1681, in handle
    self.callHandlers(record)
  File "C:\Users\stifl\AppData\Roaming\uv\python\cpython-3.14-windows-x86_64-none\Lib\logging\__init__.py", line 1737, in callHandlers
    hdlr.handle(record)
  File "C:\Users\stifl\AppData\Roaming\uv\python\cpython-3.14-windows-x86_64-none\Lib\logging\__init__.py", line 1027, in handle
    self.emit(record)
  File "C:\Users\stifl\AppData\Local\Temp\cairn-p5-openhands-sdk\Lib\site-packages\rich\logging.py", line 140, in emit
    message = self.format(record)
  File "C:\Users\stifl\AppData\Roaming\uv\python\cpython-3.14-windows-x86_64-none\Lib\logging\__init__.py", line 999, in format
    return fmt.format(record)
  File "C:\Users\stifl\AppData\Roaming\uv\python\cpython-3.14-windows-x86_64-none\Lib\logging\__init__.py", line 720, in format
    record.exc_text = self.formatException(record.exc_info)
  File "C:\Users\stifl\AppData\Roaming\uv\python\cpython-3.14-windows-x86_64-none\Lib\logging\__init__.py", line 670, in formatException
    traceback.print_exception(ei[0], ei[1], tb, limit=None, file=sio)
  File "C:\Users\stifl\AppData\Roaming\uv\python\cpython-3.14-windows-x86_64-none\Lib\traceback.py", line 133, in print_exception
    te = TracebackException(type(value), value, tb, limit=limit, compact=True)
  File "C:\Users\stifl\AppData\Roaming\uv\python\cpython-3.14-windows-x86_64-none\Lib\traceback.py", line 1150, in __init__
    context = TracebackException(
  File "C:\Users\stifl\AppData\Roaming\uv\python\cpython-3.14-windows-x86_64-none\Lib\traceback.py", line 1059, in __init__
    self.stack = StackSummary._extract_from_extended_frame_gen(
  File "C:\Users\stifl\AppData\Roaming\uv\python\cpython-3.14-windows-x86_64-none\Lib\traceback.py", line 506, in _extract_from_extended_frame_gen
    f.line
  File "C:\Users\stifl\AppData\Roaming\uv\python\cpython-3.14-windows-x86_64-none\Lib\traceback.py", line 375, in line
    self._set_lines()
  File "C:\Users\stifl\AppData\Roaming\uv\python\cpython-3.14-windows-x86_64-none\Lib\traceback.py", line 353, in _set_lines
    line = linecache.getline(self.filename, lineno).rstrip()
  File "C:\Users\stifl\AppData\Roaming\uv\python\cpython-3.14-windows-x86_64-none\Lib\linecache.py", line 26, in getline
    lines = getlines(filename, module_globals)
  File "C:\Users\stifl\AppData\Roaming\uv\python\cpython-3.14-windows-x86_64-none\Lib\linecache.py", line 42, in getlines
    return updatecache(filename, module_globals)
  File "C:\Users\stifl\AppData\Roaming\uv\python\cpython-3.14-windows-x86_64-none\Lib\linecache.py", line 172, in updatecache
    for dirname in sys.path:
TypeError: 'NoneType' object is not iterable
